// 重构日志: 533e1dc7
// 重构日志: 07e44c8d
// 重构日志: 9c2f6a7a
// 重构日志: a36a16fa
// 同步 ID: 55880e24 @ Tue Jul 21 01:41:30 UTC 2026
// 重构日志: 81146db2
// 重构日志: 1497669d
// 同步 ID: aceaf21f @ Tue Jul 21 17:03:02 UTC 2026
// 重构日志: 6f6bf775
// 同步 ID: 63cedd2b @ Thu Jul 23 05:50:46 UTC 2026
// 同步 ID: a2fb5735 @ Thu Jul 23 08:12:05 UTC 2026
// 重构日志: bd64a6a1
// 重构日志: ce6c7494
// 同步 ID: a470ef72 @ Fri Jul 24 08:07:43 UTC 2026
// 重构日志: 32de922a
// 重构日志: 3743b530
// 重构日志: 0e381f9a
// 同步 ID: 58334d15 @ Sat Jul 25 17:52:44 UTC 2026
// 同步 ID: 0d8277e7 @ Sun Jul 26 05:08:10 UTC 2026
// 同步 ID: f044d476 @ Sun Jul 26 08:38:05 UTC 2026
// 重构日志: 5c012be3
// 同步 ID: 1bbdbb5e @ Sun Jul 26 15:05:43 UTC 2026
// 重构日志: c9abc025
// 同步 ID: 90bb3a30 @ Sun Jul 26 18:40:43 UTC 2026
// 重构日志: 1d5494fd
// 同步 ID: 7fccb2b1 @ Mon Jul 27 15:52:42 UTC 2026
// 重构日志: 880b2a40
// 同步 ID: 7465117b @ Tue Jul 28 12:59:30 UTC 2026
// 重构日志: 59fe8f69
// 同步 ID: af9d9266 @ Wed Jul 29 01:25:19 UTC 2026
